// Jest Snapshot v1, https://goo.gl/fbAQLP

exports[`\`suite\` with \`describe\` not being configured 1`] = `"'describe' not found. Did you call 'configure'?"`;

exports[`\`suite\` with \`only\` set to \`true\` and \`describeOnly\` not being configured 1`] = `"Call to 'describeOnly' occured but it was not configured."`;

exports[`\`suite\` without a configuration 1`] = `
Array [
  Array [
    "A",
    [Function],
  ],
]
`;
